[Line 1] semantic error: re-declaration of variable a
