var float: abba, ikea
= abba 12.0
= ikea + * 13.21 1.7 4.2
var bool: svenska
= svenska <= abba ikea

